// Jest Snapshot v1, https://goo.gl/fbAQLP

exports[`BlockList render correctly 1`] = `
<div
  className="table-responsive"
>
  <table
    className="table table-sm table-bordered table-striped table-hover"
    id="blocks"
  >
    <caption>
      List of blocks
    </caption>
    <thead>
      <tr>
        <th>
          Block #
        </th>
        <th>
          Transactions (with value/total)
        </th>
        <th>
          Timestamp
        </th>
      </tr>
    </thead>
    <tbody
      onClick={[Function]}
    >
      <tr
        className=""
      >
        <th>
          <span>
            123458
          </span>
        </th>
        <th>
          <span>
            <a
              href="#transactions"
              id={123458}
            >
              3
            </a>
             / 
            6
          </span>
        </th>
        <th>
          2018-2-28 00:31:48
        </th>
      </tr>
      <tr
        className=""
      >
        <th>
          <span>
            123457
          </span>
        </th>
        <th>
          <span>
            <a
              href="#transactions"
              id={123457}
            >
              1
            </a>
             / 
            5
          </span>
        </th>
        <th>
          2018-2-28 00:30:08
        </th>
      </tr>
      <tr
        className=""
      >
        <th>
          <span>
            123456
          </span>
        </th>
        <th>
          <span>
            <a
              href="#transactions"
              id={123456}
            >
              2
            </a>
             / 
            4
          </span>
        </th>
        <th>
          2018-2-28 00:29:58
        </th>
      </tr>
    </tbody>
  </table>
</div>
`;

exports[`BlockList render null when no blocks 1`] = `null`;
