// Jest Snapshot v1, https://goo.gl/fbAQLP

exports[`TransactionList render correctly 1`] = `
<div
  id="transactions"
>
  <h3>
    Block #
    123457
  </h3>
  <h5>
    1
     transactions with value
  </h5>
  <a
    href="#blocks"
  >
    <span
      aria-hidden="true"
    >
      ⬆
    </span>
    Back to Blocks list
  </a>
  <div
    className="table-responsive"
  >
    <table
      className="table table-striped"
    >
      <thead>
        <tr>
          <th>
            hash #
          </th>
          <th>
            from
          </th>
          <th>
            to
          </th>
          <th>
            value
          </th>
        </tr>
      </thead>
      <tbody>
        <tr>
          <th>
            <a
              href="https://etherscan.io/tx/0xdd00f5aaae1af883e40098c927a6a8dc230b941654c3a2a5d9ad4c79f79c558a"
              target="_blank"
            >
              0xdd00f5aaae1af88...
            </a>
          </th>
          <th>
            0x68b1a89523b7ed1...
          </th>
          <th>
            0x8ad76a1bef25cd9...
          </th>
          <th>
            0.19988903
             Ether
          </th>
        </tr>
      </tbody>
    </table>
  </div>
  <a
    href="#blocks"
  >
    <span
      aria-hidden="true"
    >
      ⬆
    </span>
    Back to Blocks list
  </a>
</div>
`;

exports[`TransactionList render null when no blocks 1`] = `null`;

exports[`TransactionList render null when no selectedBlock 1`] = `null`;
